5961 MiB, 14.40 W
5961 MiB, 14.40 W
5961 MiB, 14.72 W
5961 MiB, 14.72 W
5961 MiB, 14.41 W
5961 MiB, 14.41 W
5961 MiB, 14.39 W
5961 MiB, 14.67 W
5961 MiB, 14.67 W
5961 MiB, 14.37 W
5961 MiB, 14.37 W
5961 MiB, 14.41 W
5961 MiB, 14.66 W
5961 MiB, 14.66 W
5961 MiB, 14.33 W
5961 MiB, 14.33 W
5961 MiB, 16.03 W
5961 MiB, 63.68 W
5961 MiB, 65.46 W
5961 MiB, 69.80 W
5961 MiB, 76.72 W
5961 MiB, 82.37 W
5961 MiB, 95.29 W
5961 MiB, 110.52 W
5961 MiB, 135.58 W
5961 MiB, 135.10 W
5961 MiB, 138.35 W
5961 MiB, 135.87 W
5961 MiB, 139.96 W
5961 MiB, 138.94 W
5961 MiB, 139.01 W
5961 MiB, 138.18 W
5961 MiB, 138.26 W
5961 MiB, 138.68 W
5961 MiB, 138.80 W
5961 MiB, 138.10 W
5961 MiB, 138.72 W
5955 MiB, 136.47 W
5955 MiB, 136.28 W
5955 MiB, 138.01 W
5955 MiB, 138.06 W
5955 MiB, 138.21 W
5955 MiB, 141.32 W
5955 MiB, 138.26 W
5955 MiB, 138.15 W
5955 MiB, 138.57 W
5955 MiB, 138.68 W
5955 MiB, 138.74 W
5955 MiB, 138.71 W
5955 MiB, 138.74 W
5955 MiB, 138.77 W
5955 MiB, 86.22 W
5955 MiB, 33.31 W
5955 MiB, 31.33 W
5955 MiB, 29.88 W
5955 MiB, 29.88 W
5955 MiB, 25.22 W
5955 MiB, 25.22 W
5955 MiB, 17.87 W
5953 MiB, 15.58 W
5953 MiB, 15.93 W
5953 MiB, 15.93 W
5953 MiB, 15.10 W
5953 MiB, 15.10 W
5953 MiB, 15.51 W
